#-----------------------------------------------------------
# Vivado v2023.2 (64-bit)
# SW Build 4029153 on Fri Oct 13 20:14:34 MDT 2023
# IP Build 4028589 on Sat Oct 14 00:45:43 MDT 2023
# SharedData Build 4025554 on Tue Oct 10 17:18:54 MDT 2023
# Start of session at: Wed Mar 27 13:44:33 2024
# Process ID: 63320
# Current directory: C:/Users/19165/Documents/Xilinx_Projects/SDO_LVDS
# Command line: vivado.exe -gui_launcher_event rodinguilauncherevent60372 C:\Users\19165\Documents\Xilinx_Projects\SDO_LVDS\SDO_LVDS.xpr
# Log file: C:/Users/19165/Documents/Xilinx_Projects/SDO_LVDS/vivado.log
# Journal file: C:/Users/19165/Documents/Xilinx_Projects/SDO_LVDS\vivado.jou
# Running On: LAPTOP-4NG0TGNQ, OS: Windows, CPU Frequency: 2496 MHz, CPU Physical cores: 10, Host memory: 12540 MB
#-----------------------------------------------------------
start_gui
open_project C:/Users/19165/Documents/Xilinx_Projects/SDO_LVDS/SDO_LVDS.xpr
reset_run synth_1
launch_runs impl_1 -to_step write_bitstream -jobs 6
wait_on_run impl_1
